// Jest Snapshot v1, https://goo.gl/fbAQLP

exports[`Create Create component Should render like snapshot 1`] = `
<div
  className="Create"
>
  <form
    onSubmit={[Function]}
  >
    <h3 />
    <textarea
      className="note-input"
      onChange={[Function]}
      placeholder="Write your note here"
      rows="5"
      value=""
    />
    <button
      onClick={[Function]}
      type="submit"
    >
      Submit
    </button>
  </form>
  <div
    className="hubble-img"
    style={
      Object {
        "backgroundImage": "url(undefined)",
      }
    }
  >
    <button
      className="backward-btn"
      onClick={[Function]}
    >
      <i
        className="fas fa-chevron-left"
      />
    </button>
    <button
      className="forward-btn"
      onClick={[Function]}
    >
      <i
        className="fas fa-chevron-right"
      />
    </button>
  </div>
</div>
`;
