// Jest Snapshot v1, https://goo.gl/fbAQLP

exports[`Nav Should render like snapshot 1`] = `
<div
  className="Nav"
>
  <NavLink
    activeClassName="active"
    aria-current="page"
    className="NavLink"
    exact={true}
    to="/"
  >
    HOME
  </NavLink>
  <NavLink
    activeClassName="active"
    aria-current="page"
    className="NavLink"
    to="/create"
  >
    CREATE
  </NavLink>
  <NavLink
    activeClassName="active"
    aria-current="page"
    className="NavLink"
    to="/browse"
  >
    BROWSE
  </NavLink>
</div>
`;
