// Jest Snapshot v1, https://goo.gl/fbAQLP

exports[`Nav Should render like snapshot 1`] = `
ShallowWrapper {
  Symbol(enzyme.__root__): [Circular],
  Symbol(enzyme.__unrendered__): <Nav />,
  Symbol(enzyme.__renderer__): Object {
    "batchedUpdates": [Function],
    "getNode": [Function],
    "render": [Function],
    "simulateError": [Function],
    "simulateEvent": [Function],
    "unmount": [Function],
  },
  Symbol(enzyme.__node__): Object {
    "instance": null,
    "key": undefined,
    "nodeType": "host",
    "props": Object {
      "children": Array [
        <NavLink
          activeClassName="active"
          aria-current="page"
          to="/"
        >
          HOME
        </NavLink>,
        <NavLink
          activeClassName="active"
          aria-current="page"
          to="/create"
        >
          CREATE
        </NavLink>,
        <NavLink
          activeClassName="active"
          aria-current="page"
          to="/browse"
        >
          BROWSE
        </NavLink>,
      ],
      "className": "Nav",
    },
    "ref": null,
    "rendered": Array [
      Object {
        "instance": null,
        "key": undefined,
        "nodeType": "function",
        "props": Object {
          "activeClassName": "active",
          "aria-current": "page",
          "children": "HOME",
          "to": "/",
        },
        "ref": null,
        "rendered": "HOME",
        "type": [Function],
      },
      Object {
        "instance": null,
        "key": undefined,
        "nodeType": "function",
        "props": Object {
          "activeClassName": "active",
          "aria-current": "page",
          "children": "CREATE",
          "to": "/create",
        },
        "ref": null,
        "rendered": "CREATE",
        "type": [Function],
      },
      Object {
        "instance": null,
        "key": undefined,
        "nodeType": "function",
        "props": Object {
          "activeClassName": "active",
          "aria-current": "page",
          "children": "BROWSE",
          "to": "/browse",
        },
        "ref": null,
        "rendered": "BROWSE",
        "type": [Function],
      },
    ],
    "type": "div",
  },
  Symbol(enzyme.__nodes__): Array [
    Object {
      "instance": null,
      "key": undefined,
      "nodeType": "host",
      "props": Object {
        "children": Array [
          <NavLink
            activeClassName="active"
            aria-current="page"
            to="/"
          >
            HOME
          </NavLink>,
          <NavLink
            activeClassName="active"
            aria-current="page"
            to="/create"
          >
            CREATE
          </NavLink>,
          <NavLink
            activeClassName="active"
            aria-current="page"
            to="/browse"
          >
            BROWSE
          </NavLink>,
        ],
        "className": "Nav",
      },
      "ref": null,
      "rendered": Array [
        Object {
          "instance": null,
          "key": undefined,
          "nodeType": "function",
          "props": Object {
            "activeClassName": "active",
            "aria-current": "page",
            "children": "HOME",
            "to": "/",
          },
          "ref": null,
          "rendered": "HOME",
          "type": [Function],
        },
        Object {
          "instance": null,
          "key": undefined,
          "nodeType": "function",
          "props": Object {
            "activeClassName": "active",
            "aria-current": "page",
            "children": "CREATE",
            "to": "/create",
          },
          "ref": null,
          "rendered": "CREATE",
          "type": [Function],
        },
        Object {
          "instance": null,
          "key": undefined,
          "nodeType": "function",
          "props": Object {
            "activeClassName": "active",
            "aria-current": "page",
            "children": "BROWSE",
            "to": "/browse",
          },
          "ref": null,
          "rendered": "BROWSE",
          "type": [Function],
        },
      ],
      "type": "div",
    },
  ],
  Symbol(enzyme.__options__): Object {
    "adapter": ReactSixteenAdapter {
      "options": Object {
        "enableComponentDidUpdateOnSetState": true,
        "lifecycles": Object {
          "componentDidUpdate": Object {
            "onSetState": true,
          },
          "getDerivedStateFromProps": true,
          "getSnapshotBeforeUpdate": true,
          "setState": Object {
            "skipsComponentDidUpdateOnNullish": true,
          },
        },
      },
    },
  },
}
`;
