// Jest Snapshot v1, https://goo.gl/fbAQLP

exports[`Browse Browse component should render like snapshot 1`] = `
<div
  className="Browse"
>
  <p>
    No proof here, go to the create tab and start working!
  </p>
</div>
`;

exports[`Browse ProofCard component Should render like snapshot 1`] = `
<div
  className="ProofCard"
>
  <h3>
    A title
  </h3>
  <img
    alt="A title"
    src="image.com"
  />
  <p>
    This is fake
  </p>
</div>
`;
