// Jest Snapshot v1, https://goo.gl/fbAQLP

exports[`Home Home component Should render like snapshot 1`] = `
<div
  className="Home"
>
  <div
    className="Home-title-page"
  >
    <div
      className="title-container"
    >
      <div
        className="title-box"
      >
        <h1
          className="Home-title"
        >
          GLOBE SQUASHERS
        </h1>
        <p
          className="Home-subheader"
        >
          HELP PROVE THE HUBBLE TELESCOPE IS A LIE
        </p>
      </div>
      <div
        className="button-wrapper"
      >
        <button
          className="scroll-to-info"
          onClick={[Function]}
        >
          <p
            className="button-header"
          >
            MORE INFO
          </p>
          <i
            className="fas fa-caret-down"
          />
        </button>
      </div>
    </div>
  </div>
  <InfoPage />
</div>
`;

exports[`Home InfoPage component Should render like snapshot 1`] = `
<div
  className="InfoPage"
>
  <div
    className="button-wrapper"
  >
    <button
      className="scroll-to-home"
      onClick={[Function]}
    >
      <i
        className="fas fa-caret-up"
      />
    </button>
  </div>
  <div
    className="Info-content"
  >
    <h1
      className="Info-header"
    >
      ABOUT
    </h1>
    <p
      className="Info-text"
    >
      Flat earthers face trouble due to the entire world being brainwashed against their beliefs. I want to help give them the tools to prove their points. Starting with NASA's Hubble Telescope pictures, Globe Squashers will make data easier to access for flat earthers to help give them the tools to debunk NASA and other government entities.
    </p>
  </div>
  <div
    className="Info-content"
  >
    <img
      alt="animated gif of flat earth map"
      src="flatEarth.gif"
    />
  </div>
  <div
    className="Info-content"
  >
    <img
      alt="NASA logo"
      src="NASA.png"
    />
  </div>
  <div
    className="Info-content"
  >
    <h1
      className="Info-header"
    >
      HOW?
    </h1>
    <p
      className="Info-text"
    >
      Globe Squashers will deliver NASA Hubble Telescope images to you for examination. While examining a photo you can take notes and publish your findings for others to see. With access to everybody's findings you will also be able to quickly compile a mass of evidence to use as fuel for proving the Hubble Telescope is a hoax.
    </p>
  </div>
</div>
`;
