// Jest Snapshot v1, https://goo.gl/fbAQLP

exports[`Create Create component Should render like snapshot 1`] = `
Object {
  "asFragment": [Function],
  "baseElement": <body>
    <div>
      <div
        class="Create"
      >
        <form>
          <h3 />
          <textarea
            class="note-input"
            placeholder="Write your note here"
            rows="5"
          />
          <button
            type="submit"
          >
            Submit
          </button>
        </form>
        <div
          class="hubble-img"
          style="background-image: url(undefined);"
        >
          <button
            class="backward-btn"
          >
            <i
              class="fas fa-chevron-left"
            />
          </button>
          <button
            class="forward-btn"
          >
            <i
              class="fas fa-chevron-right"
            />
          </button>
        </div>
      </div>
    </div>
  </body>,
  "container": <div>
    <div
      class="Create"
    >
      <form>
        <h3 />
        <textarea
          class="note-input"
          placeholder="Write your note here"
          rows="5"
        />
        <button
          type="submit"
        >
          Submit
        </button>
      </form>
      <div
        class="hubble-img"
        style="background-image: url(undefined);"
      >
        <button
          class="backward-btn"
        >
          <i
            class="fas fa-chevron-left"
          />
        </button>
        <button
          class="forward-btn"
        >
          <i
            class="fas fa-chevron-right"
          />
        </button>
      </div>
    </div>
  </div>,
  "debug": [Function],
  "getAllByAltText": [Function],
  "getAllByLabelText": [Function],
  "getAllByPlaceholderText": [Function],
  "getAllByRole": [Function],
  "getAllBySelectText": [Function],
  "getAllByTestId": [Function],
  "getAllByText": [Function],
  "getAllByTitle": [Function],
  "getAllByValue": [Function],
  "getByAltText": [Function],
  "getByLabelText": [Function],
  "getByPlaceholderText": [Function],
  "getByRole": [Function],
  "getBySelectText": [Function],
  "getByTestId": [Function],
  "getByText": [Function],
  "getByTitle": [Function],
  "getByValue": [Function],
  "queryAllByAltText": [Function],
  "queryAllByLabelText": [Function],
  "queryAllByPlaceholderText": [Function],
  "queryAllByRole": [Function],
  "queryAllBySelectText": [Function],
  "queryAllByTestId": [Function],
  "queryAllByText": [Function],
  "queryAllByTitle": [Function],
  "queryAllByValue": [Function],
  "queryByAltText": [Function],
  "queryByLabelText": [Function],
  "queryByPlaceholderText": [Function],
  "queryByRole": [Function],
  "queryBySelectText": [Function],
  "queryByTestId": [Function],
  "queryByText": [Function],
  "queryByTitle": [Function],
  "queryByValue": [Function],
  "rerender": [Function],
  "unmount": [Function],
}
`;
